// Jest Snapshot v1, https://goo.gl/fbAQLP

exports[`AddProperty renders correctly 1`] = `
<DocumentFragment>
  <div
    class="add-property"
  >
    <form
      class="form-add-property"
      data-testid="form-id"
    >
      <label
        for="title"
      >
        Title
        <input
          class="input-fields"
          id="title"
          name="title"
          placeholder="Add a title..."
          value=""
        />
      </label>
      <label
        for="city"
      >
        City
        <select
          class="input-fields"
          data-testid="select-city-id"
          id="city"
          name="city"
        >
          <option
            value="Manchester"
          >
            Manchester
          </option>
          <option
            value="Leeds"
          >
            Leeds
          </option>
          <option
            value="Sheffield"
          >
            Sheffield
          </option>
          <option
            value="Liverpool"
          >
            Liverpool
          </option>
        </select>
      </label>
      <label
        for="type"
      >
        Type
        <select
          class="input-fields"
          data-testid="select-type-id"
          id="type"
          name="type"
        >
          <option
            value="Flat"
          >
            Flat
          </option>
          <option
            value="Detached"
          >
            Detached
          </option>
          <option
            value="Semi-Detached"
          >
            Semi-Detached
          </option>
          <option
            value="Terraced"
          >
            Terraced
          </option>
          <option
            value="End of Terraced"
          >
            End of Terraced
          </option>
          <option
            value="Cottage"
          >
            Cottage
          </option>
          <option
            value="Bungalow"
          >
            Bungalow
          </option>
        </select>
      </label>
      <button
        class="add-button"
        type="submit"
      >
        Add
      </button>
    </form>
  </div>
</DocumentFragment>
`;
