// Jest Snapshot v1, https://goo.gl/fbAQLP

exports[`Navbar renders correctly 1`] = `
<DocumentFragment>
  <div
    class="logo-container"
  >
    <a
      class="logo"
      href="/"
    >
      <img
        alt="logo"
        class="logo-img"
        data-testid="logo-id"
        src="nav-logo.png"
      />
    </a>
  </div>
  <div
    class="navbar"
  >
    <ul
      class="menu"
    >
      <li>
        <a
          class="item"
          data-testid="view-properties-id"
          href="/properties"
        >
          View Properties
        </a>
      </li>
      <li>
        <a
          class="item"
          data-testid="add-property-id"
          href="/add-property"
        >
          Add Property
        </a>
      </li>
      <li>
        <a
          class="item"
          data-testid="favourites-id"
          href="/favourites"
        >
          Favourites
        </a>
      </li>
    </ul>
  </div>
  <div
    class="facebook-container"
  >
    <button
      class="my-facebook-button-class"
      type="submit"
    >
      Welcome,
      <br />
      name
      <br />
      Sign Out
      <img
        alt="profile"
        src="picture"
      />
    </button>
  </div>
</DocumentFragment>
`;
