// Jest Snapshot v1, https://goo.gl/fbAQLP

exports[`Navbar renders correctly 1`] = `
<DocumentFragment>
  <div
    class="navbar"
  >
    <a
      href="/"
    >
      <img
        alt="logo"
        class="logo"
        data-testid="logo-id"
        src="nav-logo.png"
      />
    </a>
    <ul
      class="navbar-links"
    >
      <li>
        <a
          class="navbar-links-item"
          data-testid="view-properties-id"
          href="/"
        >
          View Properties
        </a>
      </li>
      <li>
        <a
          class="navbar-links-item"
          data-testid="add-property-id"
          href="/add-property"
        >
          Add a Property
        </a>
      </li>
    </ul>
  </div>
</DocumentFragment>
`;
